Archive member included to satisfy reference by file (symbol)

C:/Users/Advika Deodhar/Desktop/STM32CubeIDE_1.18.0/STM32CubeIDE/plugins/com.st.stm32cube.ide.mcu.externaltools.gnu-tools-for-stm32.13.3.rel1.win32_1.0.0.202411081344/tools/bin/../lib/gcc/arm-none-eabi/13.3.1/../../../../arm-none-eabi/lib/thumb/v7e-m+fp/hard\libc_nano.a(libc_a-exit.o)
                              C:/Users/Advika Deodhar/Desktop/STM32CubeIDE_1.18.0/STM32CubeIDE/plugins/com.st.stm32cube.ide.mcu.externaltools.gnu-tools-for-stm32.13.3.rel1.win32_1.0.0.202411081344/tools/bin/../lib/gcc/arm-none-eabi/13.3.1/../../../../arm-none-eabi/lib/thumb/v7e-m+fp/hard/crt0.o (exit)
C:/Users/Advika Deodhar/Desktop/STM32CubeIDE_1.18.0/STM32CubeIDE/plugins/com.st.stm32cube.ide.mcu.externaltools.gnu-tools-for-stm32.13.3.rel1.win32_1.0.0.202411081344/tools/bin/../lib/gcc/arm-none-eabi/13.3.1/../../../../arm-none-eabi/lib/thumb/v7e-m+fp/hard\libc_nano.a(libc_a-findfp.o)
                              C:/Users/Advika Deodhar/Desktop/STM32CubeIDE_1.18.0/STM32CubeIDE/plugins/com.st.stm32cube.ide.mcu.externaltools.gnu-tools-for-stm32.13.3.rel1.win32_1.0.0.202411081344/tools/bin/../lib/gcc/arm-none-eabi/13.3.1/../../../../arm-none-eabi/lib/thumb/v7e-m+fp/hard\libc_nano.a(libc_a-exit.o) (__stdio_exit_handler)
C:/Users/Advika Deodhar/Desktop/STM32CubeIDE_1.18.0/STM32CubeIDE/plugins/com.st.stm32cube.ide.mcu.externaltools.gnu-tools-for-stm32.13.3.rel1.win32_1.0.0.202411081344/tools/bin/../lib/gcc/arm-none-eabi/13.3.1/../../../../arm-none-eabi/lib/thumb/v7e-m+fp/hard\libc_nano.a(libc_a-fwalk.o)
                              C:/Users/Advika Deodhar/Desktop/STM32CubeIDE_1.18.0/STM32CubeIDE/plugins/com.st.stm32cube.ide.mcu.externaltools.gnu-tools-for-stm32.13.3.rel1.win32_1.0.0.202411081344/tools/bin/../lib/gcc/arm-none-eabi/13.3.1/../../../../arm-none-eabi/lib/thumb/v7e-m+fp/hard\libc_nano.a(libc_a-findfp.o) (_fwalk_sglue)
C:/Users/Advika Deodhar/Desktop/STM32CubeIDE_1.18.0/STM32CubeIDE/plugins/com.st.stm32cube.ide.mcu.externaltools.gnu-tools-for-stm32.13.3.rel1.win32_1.0.0.202411081344/tools/bin/../lib/gcc/arm-none-eabi/13.3.1/../../../../arm-none-eabi/lib/thumb/v7e-m+fp/hard\libc_nano.a(libc_a-stdio.o)
                              C:/Users/Advika Deodhar/Desktop/STM32CubeIDE_1.18.0/STM32CubeIDE/plugins/com.st.stm32cube.ide.mcu.externaltools.gnu-tools-for-stm32.13.3.rel1.win32_1.0.0.202411081344/tools/bin/../lib/gcc/arm-none-eabi/13.3.1/../../../../arm-none-eabi/lib/thumb/v7e-m+fp/hard\libc_nano.a(libc_a-findfp.o) (__sread)
C:/Users/Advika Deodhar/Desktop/STM32CubeIDE_1.18.0/STM32CubeIDE/plugins/com.st.stm32cube.ide.mcu.externaltools.gnu-tools-for-stm32.13.3.rel1.win32_1.0.0.202411081344/tools/bin/../lib/gcc/arm-none-eabi/13.3.1/../../../../arm-none-eabi/lib/thumb/v7e-m+fp/hard\libc_nano.a(libc_a-memset.o)
                              C:/Users/Advika Deodhar/Desktop/STM32CubeIDE_1.18.0/STM32CubeIDE/plugins/com.st.stm32cube.ide.mcu.externaltools.gnu-tools-for-stm32.13.3.rel1.win32_1.0.0.202411081344/tools/bin/../lib/gcc/arm-none-eabi/13.3.1/../../../../arm-none-eabi/lib/thumb/v7e-m+fp/hard/crt0.o (memset)
C:/Users/Advika Deodhar/Desktop/STM32CubeIDE_1.18.0/STM32CubeIDE/plugins/com.st.stm32cube.ide.mcu.externaltools.gnu-tools-for-stm32.13.3.rel1.win32_1.0.0.202411081344/tools/bin/../lib/gcc/arm-none-eabi/13.3.1/../../../../arm-none-eabi/lib/thumb/v7e-m+fp/hard\libc_nano.a(libc_a-closer.o)
                              C:/Users/Advika Deodhar/Desktop/STM32CubeIDE_1.18.0/STM32CubeIDE/plugins/com.st.stm32cube.ide.mcu.externaltools.gnu-tools-for-stm32.13.3.rel1.win32_1.0.0.202411081344/tools/bin/../lib/gcc/arm-none-eabi/13.3.1/../../../../arm-none-eabi/lib/thumb/v7e-m+fp/hard\libc_nano.a(libc_a-stdio.o) (_close_r)
C:/Users/Advika Deodhar/Desktop/STM32CubeIDE_1.18.0/STM32CubeIDE/plugins/com.st.stm32cube.ide.mcu.externaltools.gnu-tools-for-stm32.13.3.rel1.win32_1.0.0.202411081344/tools/bin/../lib/gcc/arm-none-eabi/13.3.1/../../../../arm-none-eabi/lib/thumb/v7e-m+fp/hard\libc_nano.a(libc_a-reent.o)
                              C:/Users/Advika Deodhar/Desktop/STM32CubeIDE_1.18.0/STM32CubeIDE/plugins/com.st.stm32cube.ide.mcu.externaltools.gnu-tools-for-stm32.13.3.rel1.win32_1.0.0.202411081344/tools/bin/../lib/gcc/arm-none-eabi/13.3.1/../../../../arm-none-eabi/lib/thumb/v7e-m+fp/hard\libc_nano.a(libc_a-closer.o) (errno)
C:/Users/Advika Deodhar/Desktop/STM32CubeIDE_1.18.0/STM32CubeIDE/plugins/com.st.stm32cube.ide.mcu.externaltools.gnu-tools-for-stm32.13.3.rel1.win32_1.0.0.202411081344/tools/bin/../lib/gcc/arm-none-eabi/13.3.1/../../../../arm-none-eabi/lib/thumb/v7e-m+fp/hard\libc_nano.a(libc_a-impure.o)
                              C:/Users/Advika Deodhar/Desktop/STM32CubeIDE_1.18.0/STM32CubeIDE/plugins/com.st.stm32cube.ide.mcu.externaltools.gnu-tools-for-stm32.13.3.rel1.win32_1.0.0.202411081344/tools/bin/../lib/gcc/arm-none-eabi/13.3.1/../../../../arm-none-eabi/lib/thumb/v7e-m+fp/hard\libc_nano.a(libc_a-reent.o) (_impure_ptr)
[...]
Memory Configuration

Name             Origin             Length             Attributes
RAM              0x20000000         0x00050000         xrw
FLASH            0x08000000         0x00100000         xr
*default*        0x00000000         0xffffffff

Linker script and memory map

LOAD C:/Users/Advika Deodhar/Desktop/STM32CubeIDE_1.18.0/STM32CubeIDE/plugins/com.st.stm32cube.ide.mcu.externaltools.gnu-tools-for-stm32.13.3.rel1.win32_1.0.0.202411081344/tools/bin/../lib/gcc/arm-none-eabi/13.3.1/thumb/v7e-m+fp/hard/crti.o
LOAD C:/Users/Advika Deodhar/Desktop/STM32CubeIDE_1.18.0/STM32CubeIDE/plugins/com.st.stm32cube.ide.mcu.externaltools.gnu-tools-for-stm32.13.3.rel1.win32_1.0.0.202411081344/tools/bin/../lib/gcc/arm-none-eabi/13.3.1/thumb/v7e-m+fp/hard/crtbegin.o
LOAD C:/Users/Advika Deodhar/Desktop/STM32CubeIDE_1.18.0/STM32CubeIDE/plugins/com.st.stm32cube.ide.mcu.externaltools.gnu-tools-for-stm32.13.3.rel1.win32_1.0.0.202411081344/tools/bin/../lib/gcc/arm-none-eabi/13.3.1/../../../../arm-none-eabi/lib/thumb/v7e-m+fp/hard/crt0.o
LOAD ./Core/Src/Serial.o
LOAD ./Core/Src/base_serial.o
LOAD ./Core/Src/fsm.o
LOAD ./Core/Src/main.o
LOAD ./Core/Src/ringbuffer.o
LOAD ./Core/Src/roboClaw.o
LOAD ./Core/Src/stm32f7xx_hal_msp.o
LOAD ./Core/Src/stm32f7xx_it.o
LOAD ./Core/Src/syscalls.o
LOAD ./Core/Src/sysmem.o
LOAD ./Core/Src/system_stm32f7xx.o
LOAD ./Core/Startup/startup_stm32f746zgtx.o
LOAD ./Drivers/STM32F7xx_HAL_Driver/Src/stm32f7xx_hal.o
LOAD ./Drivers/STM32F7xx_HAL_Driver/Src/stm32f7xx_hal_cortex.o
LOAD ./Drivers/STM32F7xx_HAL_Driver/Src/stm32f7xx_hal_dma.o
LOAD ./Drivers/STM32F7xx_HAL_Driver/Src/stm32f7xx_hal_dma_ex.o
LOAD ./Drivers/STM32F7xx_HAL_Driver/Src/stm32f7xx_hal_exti.o
LOAD ./Drivers/STM32F7xx_HAL_Driver/Src/stm32f7xx_hal_flash.o
LOAD ./Drivers/STM32F7xx_HAL_Driver/Src/stm32f7xx_hal_flash_ex.o
LOAD ./Drivers/STM32F7xx_HAL_Driver/Src/stm32f7xx_hal_gpio.o
LOAD ./Drivers/STM32F7xx_HAL_Driver/Src/stm32f7xx_hal_i2c.o
LOAD ./Drivers/STM32F7xx_HAL_Driver/Src/stm32f7xx_hal_i2c_ex.o
LOAD ./Drivers/STM32F7xx_HAL_Driver/Src/stm32f7xx_hal_pwr.o
LOAD ./Drivers/STM32F7xx_HAL_Driver/Src/stm32f7xx_hal_pwr_ex.o
LOAD ./Drivers/STM32F7xx_HAL_Driver/Src/stm32f7xx_hal_rcc.o
LOAD ./Drivers/STM32F7xx_HAL_Driver/Src/stm32f7xx_hal_rcc_ex.o
LOAD ./Drivers/STM32F7xx_HAL_Driver/Src/stm32f7xx_hal_uart.o
LOAD ./Drivers/STM32F7xx_HAL_Driver/Src/stm32f7xx_hal_uart_ex.o
START GROUP
LOAD C:/Users/Advika Deodhar/Desktop/STM32CubeIDE_1.18.0/STM32CubeIDE/plugins/com.st.stm32cube.ide.mcu.externaltools.gnu-tools-for-stm32.13.3.rel1.win32_1.0.0.202411081344/tools/bin/../lib/gcc/arm-none-eabi/13.3.1/../../../../arm-none-eabi/lib/thumb/v7e-m+fp/hard\libc_nano.a
LOAD C:/Users/Advika Deodhar/Desktop/STM32CubeIDE_1.18.0/STM32CubeIDE/plugins/com.st.stm32cube.ide.mcu.externaltools.gnu-tools-for-stm32.13.3.rel1.win32_1.0.0.202411081344/tools/bin/../lib/gcc/arm-none-eabi/13.3.1/../../../../arm-none-eabi/lib/thumb/v7e-m+fp/hard\libm.a
END GROUP
START GROUP
LOAD C:/Users/Advika Deodhar/Desktop/STM32CubeIDE_1.18.0/STM32CubeIDE/plugins/com.st.stm32cube.ide.mcu.externaltools.gnu-tools-for-stm32.13.3.rel1.win32_1.0.0.202411081344/tools/bin/../lib/gcc/arm-none-eabi/13.3.1/thumb/v7e-m+fp/hard\libgcc.a
LOAD C:/Users/Advika Deodhar/Desktop/STM32CubeIDE_1.18.0/STM32CubeIDE/plugins/com.st.stm32cube.ide.mcu.externaltools.gnu-tools-for-stm32.13.3.rel1.win32_1.0.0.202411081344/tools/bin/../lib/gcc/arm-none-eabi/13.3.1/../../../../arm-none-eabi/lib/thumb/v7e-m+fp/hard\libc_nano.a
END GROUP
START GROUP
LOAD C:/Users/Advika Deodhar/Desktop/STM32CubeIDE_1.18.0/STM32CubeIDE/plugins/com.st.stm32cube.ide.mcu.externaltools.gnu-tools-for-stm32.13.3.rel1.win32_1.0.0.202411081344/tools/bin/../lib/gcc/arm-none-eabi/13.3.1/thumb/v7e-m+fp/hard\libgcc.a
LOAD C:/Users/Advika Deodhar/Desktop/STM32CubeIDE_1.18.0/STM32CubeIDE/plugins/com.st.stm32cube.ide.mcu.externaltools.gnu-tools-for-stm32.13.3.rel1.win32_1.0.0.202411081344/tools/bin/../lib/gcc/arm-none-eabi/13.3.1/../../../../arm-none-eabi/lib/thumb/v7e-m+fp/hard\libc_nano.a
LOAD C:/Users/Advika Deodhar/Desktop/STM32CubeIDE_1.18.0/STM32CubeIDE/plugins/com.st.stm32cube.ide.mcu.externaltools.gnu-tools-for-stm32.13.3.rel1.win32_1.0.0.202411081344/tools/bin/../lib/gcc/arm-none-eabi/13.3.1/../../../../arm-none-eabi/lib/thumb/v7e-m+fp/hard\libnosys.a
END GROUP
START GROUP
LOAD C:/Users/Advika Deodhar/Desktop/STM32CubeIDE_1.18.0/STM32CubeIDE/plugins/com.st.stm32cube.ide.mcu.externaltools.gnu-tools-for-stm32.13.3.rel1.win32_1.0.0.202411081344/tools/bin/../lib/gcc/arm-none-eabi/13.3.1/thumb/v7e-m+fp/hard\libgcc.a
LOAD C:/Users/Advika Deodhar/Desktop/STM32CubeIDE_1.18.0/STM32CubeIDE/plugins/com.st.stm32cube.ide.mcu.externaltools.gnu-tools-for-stm32.13.3.rel1.win32_1.0.0.202411081344/tools/bin/../lib/gcc/arm-none-eabi/13.3.1/../../../../arm-none-eabi/lib/thumb/v7e-m+fp/hard\libc_nano.a
LOAD C:/Users/Advika Deodhar/Desktop/STM32CubeIDE_1.18.0/STM32CubeIDE/plugins/com.st.stm32cube.ide.mcu.externaltools.gnu-tools-for-stm32.13.3.rel1.win32_1.0.0.202411081344/tools/bin/../lib/gcc/arm-none-eabi/13.3.1/../../../../arm-none-eabi/lib/thumb/v7e-m+fp/hard\libnosys.a
END GROUP
LOAD C:/Users/Advika Deodhar/Desktop/STM32CubeIDE_1.18.0/STM32CubeIDE/plugins/com.st.stm32cube.ide.mcu.externaltools.gnu-tools-for-stm32.13.3.rel1.win32_1.0.0.202411081344/tools/bin/../lib/gcc/arm-none-eabi/13.3.1/thumb/v7e-m+fp/hard/crtend.o
LOAD C:/Users/Advika Deodhar/Desktop/STM32CubeIDE_1.18.0/STM32CubeIDE/plugins/com.st.stm32cube.ide.mcu.externaltools.gnu-tools-for-stm32.13.3.rel1.win32_1.0.0.202411081344/tools/bin/../lib/gcc/arm-none-eabi/13.3.1/thumb/v7e-m+fp/hard/crtn.o
                0x20050000                        _estack = (ORIGIN (RAM) + LENGTH (RAM))
                0x00000200                        _Min_Heap_Size = 0x200
                0x00000400                        _Min_Stack_Size = 0x400

.isr_vector     0x08000000      0x1c8
                0x08000000                        . = ALIGN (0x4)
 *(.isr_vector)
 .isr_vector    0x08000000      0x1c8 ./Core/Startup/startup_stm32f746zgtx.o
                0x08000000                g_pfnVectors
                0x080001c8                        . = ALIGN (0x4)

.text           0x080001c8     0x4c48
                0x080001c8                        . = ALIGN (0x4)
 *(.text)
 .text          0x080001c8       0x40 C:/Users/Advika Deodhar/Desktop/STM32CubeIDE_1.18.0/STM32CubeIDE/plugins/com.st.stm32cube.ide.mcu.externaltools.gnu-tools-for-stm32.13.3.rel1.win32_1.0.0.202411081344/tools/bin/../lib/gcc/arm-none-eabi/13.3.1/thumb/v7e-m+fp/hard/crtbegin.o
 .text          0x08000208       0x10 C:/Users/Advika Deodhar/Desktop/STM32CubeIDE_1.18.0/STM32CubeIDE/plugins/com.st.stm32cube.ide.mcu.externaltools.gnu-tools-for-stm32.13.3.rel1.win32_1.0.0.202411081344/tools/bin/../lib/gcc/arm-none-eabi/13.3.1/../../../../arm-none-eabi/lib/thumb/v7e-m+fp/hard\libc_nano.a(libc_a-strlen.o)
                0x08000208                strlen
 .text          0x08000218       0x30 C:/Users/Advika Deodhar/Desktop/STM32CubeIDE_1.18.0/STM32CubeIDE/plugins/com.st.stm32cube.ide.mcu.externaltools.gnu-tools-for-stm32.13.3.rel1.win32_1.0.0.202411081344/tools/bin/../lib/gcc/arm-none-eabi/13.3.1/thumb/v7e-m+fp/hard\libgcc.a(_aeabi_uldivmod.o)
                0x08000218                __aeabi_uldivmod
 .text          0x08000248      0x2f8 C:/Users/Advika Deodhar/Desktop/STM32CubeIDE_1.18.0/STM32CubeIDE/plugins/com.st.stm32cube.ide.mcu.externaltools.gnu-tools-for-stm32.13.3.rel1.win32_1.0.0.202411081344/tools/bin/../lib/gcc/arm-none-eabi/13.3.1/thumb/v7e-m+fp/hard\libgcc.a(_udivmoddi4.o)
                0x08000248                __udivmoddi4
 .text          0x08000540        0x4 C:/Users/Advika Deodhar/Desktop/STM32CubeIDE_1.18.0/STM32CubeIDE/plugins/com.st.stm32cube.ide.mcu.externaltools.gnu-tools-for-stm32.13.3.rel1.win32_1.0.0.202411081344/tools/bin/../lib/gcc/arm-none-eabi/13.3.1/thumb/v7e-m+fp/hard\libgcc.a(_dvmd_tls.o)
                0x08000540                __aeabi_idiv0
                0x08000540                __aeabi_ldiv0
 *(.text*)
 .text.serial_init
                0x08000544       0xc4 ./Core/Src/Serial.o
                0x08000544                serial_init
 .text.serial_write
                0x08000608       0x58 ./Core/Src/Serial.o
                0x08000608                serial_write
 .text.serial_available
                0x08000660       0x26 ./Core/Src/Serial.o
                0x08000660                serial_available
 .text.serial_read
                0x08000686       0x3a ./Core/Src/Serial.o
                0x08000686                serial_read
 .text.HAL_UART_TxCpltCallback
                0x080006c0       0x46 ./Core/Src/Serial.o
                0x080006c0                HAL_UART_TxCpltCallback
 .text.HAL_UART_RxCpltCallback
                0x08000706       0x36 ./Core/Src/Serial.o
                0x08000706                HAL_UART_RxCpltCallback
 .text.HAL_UART_ErrorCallback
                0x0800073c       0x1a ./Core/Src/Serial.o
                0x0800073c                HAL_UART_ErrorCallback
 *fill*         0x08000756        0x2 
 .text.get_serial_handler
                0x08000758       0x4c ./Core/Src/base_serial.o
                0x08000758                get_serial_handler
 .text.main     0x080007a4      0x19c ./Core/Src/main.o
                0x080007a4                main
 .text.SystemClock_Config
                0x08000940       0xd8 ./Core/Src/main.o
                0x08000940                SystemClock_Config
 .text.MX_UART4_Init
                0x08000a18       0x60 ./Core/Src/main.o
 .text.MX_UART5_Init
                0x08000a78       0x60 ./Core/Src/main.o
 .text.MX_USART3_UART_Init
                0x08000ad8       0x60 ./Core/Src/main.o
 .text.MX_DMA_Init
                0x08000b38       0x7c ./Core/Src/main.o
 .text.MX_GPIO_Init
                0x08000bb4       0x94 ./Core/Src/main.o
 .text.MPU_Config
                0x08000c48       0x58 ./Core/Src/main.o
 .text.Error_Handler
                0x08000ca0        0xc ./Core/Src/main.o
                0x08000ca0                Error_Handler
 .text.ring_buffer_is_empty
                0x08000cac       0x2a ./Core/Src/ringbuffer.o
                0x08000cac                ring_buffer_is_empty
 .text.ring_buffer_is_full
                0x08000cd6       0x36 ./Core/Src/ringbuffer.o
                0x08000cd6                ring_buffer_is_full
 .text.ring_buffer_init
                0x08000d0c       0x34 ./Core/Src/ringbuffer.o
                0x08000d0c                ring_buffer_init
 .text.ring_buffer_queue
                0x08000d40       0x68 ./Core/Src/ringbuffer.o
                0x08000d40                ring_buffer_queue
 .text.ring_buffer_queue_arr
                0x08000da8       0x3c ./Core/Src/ringbuffer.o
                0x08000da8                ring_buffer_queue_arr
 .text.ring_buffer_dequeue
                0x08000de4       0x58 ./Core/Src/ringbuffer.o
                0x08000de4                ring_buffer_dequeue
 .text.roboClaw_init
                0x08000e3c       0x42 ./Core/Src/roboClaw.o
                0x08000e3c                roboClaw_init
 .text.crc_clear
                0x08000e7e       0x1a ./Core/Src/roboClaw.o
 .text.crc_update
                0x08000e98       0x74 ./Core/Src/roboClaw.o
 .text.crc_get  0x08000f0c       0x18 ./Core/Src/roboClaw.o
 .text.write_n  0x08000f24       0xae ./Core/Src/roboClaw.o
 .text.write    0x08000fd2       0x20 ./Core/Src/roboClaw.o
 .text.read_timeout
                0x08000ff2       0x4c ./Core/Src/roboClaw.o
 .text.ForwardM2
                0x0800103e       0x2a ./Core/Src/roboClaw.o
                0x0800103e                ForwardM2
 .text.HAL_MspInit
                0x08001068       0x48 ./Core/Src/stm32f7xx_hal_msp.o
                0x08001068                HAL_MspInit
 .text.HAL_UART_MspInit
                0x080010b0      0x450 ./Core/Src/stm32f7xx_hal_msp.o
                0x080010b0                HAL_UART_MspInit
 .text.NMI_Handler
                0x08001500        0xe ./Core/Src/stm32f7xx_it.o
                0x08001500                NMI_Handler
 .text.HardFault_Handler
                0x0800150e        0x8 ./Core/Src/stm32f7xx_it.o
                0x0800150e                HardFault_Handler
 .text.MemManage_Handler
                0x08001516        0x8 ./Core/Src/stm32f7xx_it.o
                0x08001516                MemManage_Handler
 .text.BusFault_Handler
                0x0800151e        0x8 ./Core/Src/stm32f7xx_it.o
                0x0800151e                BusFault_Handler
 .text.UsageFault_Handler
                0x08001526        0x8 ./Core/Src/stm32f7xx_it.o
                0x08001526                UsageFault_Handler
 .text.SVC_Handler
                0x0800152e        0xe ./Core/Src/stm32f7xx_it.o
                0x0800152e                SVC_Handler
 .text.DebugMon_Handler
                0x0800153c        0xe ./Core/Src/stm32f7xx_it.o
                0x0800153c                DebugMon_Handler
 .text.PendSV_Handler
                0x0800154a        0xe ./Core/Src/stm32f7xx_it.o
                0x0800154a                PendSV_Handler
 .text.SysTick_Handler
                0x08001558        0xc ./Core/Src/stm32f7xx_it.o
                0x08001558                SysTick_Handler
 .text.DMA1_Stream0_IRQHandler
                0x08001564       0x14 ./Core/Src/stm32f7xx_it.o
                0x08001564                DMA1_Stream0_IRQHandler
 .text.DMA1_Stream1_IRQHandler
                0x08001578       0x14 ./Core/Src/stm32f7xx_it.o
                0x08001578                DMA1_Stream1_IRQHandler
 .text.DMA1_Stream2_IRQHandler
                0x0800158c       0x14 ./Core/Src/stm32f7xx_it.o
                0x0800158c                DMA1_Stream2_IRQHandler
 .text.DMA1_Stream4_IRQHandler
                0x080015a0       0x14 ./Core/Src/stm32f7xx_it.o
                0x080015a0                DMA1_Stream4_IRQHandler
 .text.USART3_IRQHandler
                0x080015b4       0x14 ./Core/Src/stm32f7xx_it.o
                0x080015b4                USART3_IRQHandler
 .text.DMA1_Stream7_IRQHandler
                0x080015c8       0x14 ./Core/Src/stm32f7xx_it.o
                0x080015c8                DMA1_Stream7_IRQHandler
 .text.UART4_IRQHandler
                0x080015dc       0x14 ./Core/Src/stm32f7xx_it.o
                0x080015dc                UART4_IRQHandler
 .text.UART5_IRQHandler
                0x080015f0       0x14 ./Core/Src/stm32f7xx_it.o
                0x080015f0                UART5_IRQHandler
 .text.SystemInit
                0x08001604       0x6c ./Core/Src/system_stm32f7xx.o
                0x08001604                SystemInit
 .text.Reset_Handler
                0x08001670       0x50 ./Core/Startup/startup_stm32f746zgtx.o
                0x08001670                Reset_Handler
 .text.Default_Handler
                0x080016c0        0x2 ./Core/Startup/startup_stm32f746zgtx.o
                0x080016c0                RTC_Alarm_IRQHandler
                0x080016c0                EXTI2_IRQHandler
                0x080016c0                TIM8_CC_IRQHandler
                0x080016c0                UART8_IRQHandler
                0x080016c0                SPI4_IRQHandler
                0x080016c0                TIM1_CC_IRQHandler
                0x080016c0                DMA2_Stream5_IRQHandler
                0x080016c0                DMA1_Stream5_IRQHandler
                0x080016c0                PVD_IRQHandler
                0x080016c0                TAMP_STAMP_IRQHandler
                0x080016c0                CAN2_RX1_IRQHandler
                0x080016c0                EXTI3_IRQHandler
                0x080016c0                TIM8_TRG_COM_TIM14_IRQHandler
                0x080016c0                TIM1_UP_TIM10_IRQHandler
                0x080016c0                TIM8_UP_TIM13_IRQHandler
                0x080016c0                I2C3_ER_IRQHandler
                0x080016c0                EXTI0_IRQHandler
                0x080016c0                I2C2_EV_IRQHandler
                0x080016c0                CAN1_RX0_IRQHandler
                0x080016c0                FPU_IRQHandler
                0x080016c0                OTG_HS_WKUP_IRQHandler
                0x080016c0                LTDC_ER_IRQHandler
                0x080016c0                CAN2_SCE_IRQHandler
                0x080016c0                DMA2_Stream2_IRQHandler
                0x080016c0                SPI1_IRQHandler
                0x080016c0                TIM6_DAC_IRQHandler
                0x080016c0                TIM1_BRK_TIM9_IRQHandler
                0x080016c0                DCMI_IRQHandler
                0x080016c0                CAN2_RX0_IRQHandler
                0x080016c0                DMA2_Stream3_IRQHandler
                0x080016c0                SAI2_IRQHandler
                0x080016c0                USART6_IRQHandler
                0x080016c0                CAN1_RX1_IRQHandler
                0x080016c0                DMA2_Stream0_IRQHandler
                0x080016c0                TIM4_IRQHandler
                0x080016c0                QUADSPI_IRQHandler
                0x080016c0                I2C1_EV_IRQHandler
                0x080016c0                DMA1_Stream6_IRQHandler
                0x080016c0                TIM3_IRQHandler
                0x080016c0                RCC_IRQHandler
                0x080016c0                TIM8_BRK_TIM12_IRQHandler
                0x080016c0                Default_Handler
                0x080016c0                CEC_IRQHandler
                0x080016c0                EXTI15_10_IRQHandler
                0x080016c0                ADC_IRQHandler
                0x080016c0                SPI5_IRQHandler
                0x080016c0                TIM7_IRQHandler
                0x080016c0                SDMMC1_IRQHandler
                0x080016c0                CAN2_TX_IRQHandler
                0x080016c0                TIM5_IRQHandler
                0x080016c0                DMA2_Stream7_IRQHandler
                0x080016c0                I2C3_EV_IRQHandler
                0x080016c0                EXTI9_5_IRQHandler
                0x080016c0                RTC_WKUP_IRQHandler
                0x080016c0                LTDC_IRQHandler
                0x080016c0                ETH_WKUP_IRQHandler
                0x080016c0                SPDIF_RX_IRQHandler
                0x080016c0                SPI2_IRQHandler
                0x080016c0                OTG_HS_EP1_IN_IRQHandler
                0x080016c0                CAN1_TX_IRQHandler
                0x080016c0                EXTI4_IRQHandler
                0x080016c0                RNG_IRQHandler
                0x080016c0                ETH_IRQHandler
                0x080016c0                OTG_HS_EP1_OUT_IRQHandler
                0x080016c0                WWDG_IRQHandler
                0x080016c0                SPI6_IRQHandler
                0x080016c0                I2C4_EV_IRQHandler
                0x080016c0                TIM2_IRQHandler
                0x080016c0                OTG_FS_WKUP_IRQHandler
                0x080016c0                TIM1_TRG_COM_TIM11_IRQHandler
                0x080016c0                OTG_HS_IRQHandler
                0x080016c0                DMA2D_IRQHandler
                0x080016c0                EXTI1_IRQHandler
                0x080016c0                UART7_IRQHandler
                0x080016c0                USART2_IRQHandler
                0x080016c0                I2C2_ER_IRQHandler
                0x080016c0                DMA2_Stream1_IRQHandler
                0x080016c0                CAN1_SCE_IRQHandler
                0x080016c0                FLASH_IRQHandler
                0x080016c0                DMA2_Stream4_IRQHandler
                0x080016c0                USART1_IRQHandler
                0x080016c0                OTG_FS_IRQHandler
                0x080016c0                SPI3_IRQHandler
                0x080016c0                I2C1_ER_IRQHandler
                0x080016c0                FMC_IRQHandler
                0x080016c0                LPTIM1_IRQHandler
                0x080016c0                I2C4_ER_IRQHandler
                0x080016c0                DMA2_Stream6_IRQHandler
                0x080016c0                SAI1_IRQHandler
                0x080016c0                DMA1_Stream3_IRQHandler
 .text.HAL_Init
                0x080016c2       0x1a ./Drivers/STM32F7xx_HAL_Driver/Src/stm32f7xx_hal.o
                0x080016c2                HAL_Init
 .text.HAL_InitTick
                0x080016dc       0x60 ./Drivers/STM32F7xx_HAL_Driver/Src/stm32f7xx_hal.o
                0x080016dc                HAL_InitTick
 .text.HAL_IncTick
                0x0800173c       0x28 ./Drivers/STM32F7xx_HAL_Driver/Src/stm32f7xx_hal.o
                0x0800173c                HAL_IncTick
 .text.HAL_GetTick
                0x08001764       0x18 ./Drivers/STM32F7xx_HAL_Driver/Src/stm32f7xx_hal.o
                0x08001764                HAL_GetTick
 .text.HAL_Delay
                0x0800177c       0x48 ./Drivers/STM32F7xx_HAL_Driver/Src/stm32f7xx_hal.o
                0x0800177c                HAL_Delay
 .text.__NVIC_SetPriorityGrouping
                0x080017c4       0x48 ./Drivers/STM32F7xx_HAL_Driver/Src/stm32f7xx_hal_cortex.o
 .text.__NVIC_GetPriorityGrouping
                0x0800180c       0x1c ./Drivers/STM32F7xx_HAL_Driver/Src/stm32f7xx_hal_cortex.o
 .text.__NVIC_EnableIRQ
                0x08001828       0x3c ./Drivers/STM32F7xx_HAL_Driver/Src/stm32f7xx_hal_cortex.o
 .text.__NVIC_SetPriority
                0x08001864       0x54 ./Drivers/STM32F7xx_HAL_Driver/Src/stm32f7xx_hal_cortex.o
 .text.NVIC_EncodePriority
                0x080018b8       0x66 ./Drivers/STM32F7xx_HAL_Driver/Src/stm32f7xx_hal_cortex.o
 *fill*         0x0800191e        0x2 
 .text.SysTick_Config
                0x08001920       0x44 ./Drivers/STM32F7xx_HAL_Driver/Src/stm32f7xx_hal_cortex.o
 .text.HAL_NVIC_SetPriorityGrouping
                0x08001964       0x16 ./Drivers/STM32F7xx_HAL_Driver/Src/stm32f7xx_hal_cortex.o
                0x08001964                HAL_NVIC_SetPriorityGrouping
 .text.HAL_NVIC_SetPriority
                0x0800197a       0x38 ./Drivers/STM32F7xx_HAL_Driver/Src/stm32f7xx_hal_cortex.o
                0x0800197a                HAL_NVIC_SetPriority
 .text.HAL_NVIC_EnableIRQ
                0x080019b2       0x1c ./Drivers/STM32F7xx_HAL_Driver/Src/stm32f7xx_hal_cortex.o
                0x080019b2                HAL_NVIC_EnableIRQ
 .text.HAL_SYSTICK_Config
                0x080019ce       0x18 ./Drivers/STM32F7xx_HAL_Driver/Src/stm32f7xx_hal_cortex.o
                0x080019ce                HAL_SYSTICK_Config
 *fill*         0x080019e6        0x2 
 .text.HAL_MPU_Disable
                0x080019e8       0x30 ./Drivers/STM32F7xx_HAL_Driver/Src/stm32f7xx_hal_cortex.o
                0x080019e8                HAL_MPU_Disable
 .text.HAL_MPU_Enable
                0x08001a18       0x40 ./Drivers/STM32F7xx_HAL_Driver/Src/stm32f7xx_hal_cortex.o
                0x08001a18                HAL_MPU_Enable
 .text.HAL_MPU_ConfigRegion
                0x08001a58       0x80 ./Drivers/STM32F7xx_HAL_Driver/Src/stm32f7xx_hal_cortex.o
                0x08001a58                HAL_MPU_ConfigRegion
 .text.HAL_DMA_Init
                0x08001ad8      0x15c ./Drivers/STM32F7xx_HAL_Driver/Src/stm32f7xx_hal_dma.o
                0x08001ad8                HAL_DMA_Init
 .text.HAL_DMA_Start_IT
                0x08001c34       0xc0 ./Drivers/STM32F7xx_HAL_Driver/Src/stm32f7xx_hal_dma.o
                0x08001c34                HAL_DMA_Start_IT
 .text.HAL_DMA_Abort
                0x08001cf4       0xe0 ./Drivers/STM32F7xx_HAL_Driver/Src/stm32f7xx_hal_dma.o
                0x08001cf4                HAL_DMA_Abort
 .text.HAL_DMA_Abort_IT
                0x08001dd4       0x44 ./Drivers/STM32F7xx_HAL_Driver/Src/stm32f7xx_hal_dma.o
                0x08001dd4                HAL_DMA_Abort_IT
 .text.HAL_DMA_IRQHandler
                0x08001e18      0x314 ./Drivers/STM32F7xx_HAL_Driver/Src/stm32f7xx_hal_dma.o
                0x08001e18                HAL_DMA_IRQHandler
 .text.DMA_SetConfig
                0x0800212c       0x5c ./Drivers/STM32F7xx_HAL_Driver/Src/stm32f7xx_hal_dma.o
 .text.DMA_CalcBaseAndBitshift
                0x08002188       0x6c ./Drivers/STM32F7xx_HAL_Driver/Src/stm32f7xx_hal_dma.o
 .text.DMA_CheckFifoParam
                0x080021f4       0xf8 ./Drivers/STM32F7xx_HAL_Driver/Src/stm32f7xx_hal_dma.o
 .text.HAL_GPIO_Init
                0x080022ec      0x358 ./Drivers/STM32F7xx_HAL_Driver/Src/stm32f7xx_hal_gpio.o
                0x080022ec                HAL_GPIO_Init
 .text.HAL_GPIO_WritePin
                0x08002644       0x32 ./Drivers/STM32F7xx_HAL_Driver/Src/stm32f7xx_hal_gpio.o
                0x08002644                HAL_GPIO_WritePin
 *fill*         0x08002676        0x2 
 .text.HAL_PWREx_EnableOverDrive
                0x08002678       0xa0 ./Drivers/STM32F7xx_HAL_Driver/Src/stm32f7xx_hal_pwr_ex.o
                0x08002678                HAL_PWREx_EnableOverDrive
 .text.HAL_RCC_OscConfig
                0x08002718      0x548 ./Drivers/STM32F7xx_HAL_Driver/Src/stm32f7xx_hal_rcc.o
                0x08002718                HAL_RCC_OscConfig
 .text.HAL_RCC_ClockConfig
                0x08002c60      0x1d8 ./Drivers/STM32F7xx_HAL_Driver/Src/stm32f7xx_hal_rcc.o
                0x08002c60                HAL_RCC_ClockConfig
 .text.HAL_RCC_GetSysClockFreq
                0x08002e38      0x18c ./Drivers/STM32F7xx_HAL_Driver/Src/stm32f7xx_hal_rcc.o
                0x08002e38                HAL_RCC_GetSysClockFreq
 .text.HAL_RCC_GetHCLKFreq
                0x08002fc4       0x18 ./Drivers/STM32F7xx_HAL_Driver/Src/stm32f7xx_hal_rcc.o
                0x08002fc4                HAL_RCC_GetHCLKFreq
 .text.HAL_RCC_GetPCLK1Freq
                0x08002fdc       0x28 ./Drivers/STM32F7xx_HAL_Driver/Src/stm32f7xx_hal_rcc.o
                0x08002fdc                HAL_RCC_GetPCLK1Freq
 .text.HAL_RCC_GetPCLK2Freq
                0x08003004       0x28 ./Drivers/STM32F7xx_HAL_Driver/Src/stm32f7xx_hal_rcc.o
                0x08003004                HAL_RCC_GetPCLK2Freq
 .text.HAL_RCCEx_PeriphCLKConfig
                0x0800302c      0x7e0 ./Drivers/STM32F7xx_HAL_Driver/Src/stm32f7xx_hal_rcc_ex.o
                0x0800302c                HAL_RCCEx_PeriphCLKConfig
 .text.HAL_UART_Init
                0x0800380c       0x9c ./Drivers/STM32F7xx_HAL_Driver/Src/stm32f7xx_hal_uart.o
                0x0800380c                HAL_UART_Init
 .text.HAL_UART_Transmit_DMA
                0x080038a8       0xf8 ./Drivers/STM32F7xx_HAL_Driver/Src/stm32f7xx_hal_uart.o
                0x080038a8                HAL_UART_Transmit_DMA
 .text.HAL_UART_Receive_DMA
                0x080039a0       0x88 ./Drivers/STM32F7xx_HAL_Driver/Src/stm32f7xx_hal_uart.o
                0x080039a0                HAL_UART_Receive_DMA
 .text.HAL_UART_IRQHandler
                0x08003a28      0x5d8 ./Drivers/STM32F7xx_HAL_Driver/Src/stm32f7xx_hal_uart.o
                0x08003a28                HAL_UART_IRQHandler
 .text.HAL_UART_TxHalfCpltCallback
                0x08004000       0x14 ./Drivers/STM32F7xx_HAL_Driver/Src/stm32f7xx_hal_uart.o
                0x08004000                HAL_UART_TxHalfCpltCallback
 .text.HAL_UART_RxHalfCpltCallback
                0x08004014       0x14 ./Drivers/STM32F7xx_HAL_Driver/Src/stm32f7xx_hal_uart.o
                0x08004014                HAL_UART_RxHalfCpltCallback
 .text.HAL_UARTEx_RxEventCallback
                0x08004028       0x18 ./Drivers/STM32F7xx_HAL_Driver/Src/stm32f7xx_hal_uart.o
                0x08004028                HAL_UARTEx_RxEventCallback
 .text.UART_SetConfig
                0x08004040      0x4c8 ./Drivers/STM32F7xx_HAL_Driver/Src/stm32f7xx_hal_uart.o
                0x08004040                UART_SetConfig
 .text.UART_AdvFeatureConfig
                0x08004508      0x144 ./Drivers/STM32F7xx_HAL_Driver/Src/stm32f7xx_hal_uart.o
                0x08004508                UART_AdvFeatureConfig
 .text.UART_CheckIdleState
                0x0800464c       0xae ./Drivers/STM32F7xx_HAL_Driver/Src/stm32f7xx_hal_uart.o
                0x0800464c                UART_CheckIdleState
 .text.UART_WaitOnFlagUntilTimeout
                0x080046fa       0xda ./Drivers/STM32F7xx_HAL_Driver/Src/stm32f7xx_hal_uart.o
                0x080046fa                UART_WaitOnFlagUntilTimeout
 .text.UART_Start_Receive_DMA
                0x080047d4      0x140 ./Drivers/STM32F7xx_HAL_Driver/Src/stm32f7xx_hal_uart.o
                0x080047d4                UART_Start_Receive_DMA
 .text.UART_EndTxTransfer
                0x08004914       0x4c ./Drivers/STM32F7xx_HAL_Driver/Src/stm32f7xx_hal_uart.o
 .text.UART_EndRxTransfer
                0x08004960       0xc8 ./Drivers/STM32F7xx_HAL_Driver/Src/stm32f7xx_hal_uart.o
 .text.UART_DMATransmitCplt
                0x08004a28       0x96 ./Drivers/STM32F7xx_HAL_Driver/Src/stm32f7xx_hal_uart.o
 .text.UART_DMATxHalfCplt
                0x08004abe       0x1c ./Drivers/STM32F7xx_HAL_Driver/Src/stm32f7xx_hal_uart.o
 .text.UART_DMAReceiveCplt
                0x08004ada      0x15e ./Drivers/STM32F7xx_HAL_Driver/Src/stm32f7xx_hal_uart.o
 .text.UART_DMARxHalfCplt
                0x08004c38       0x72 ./Drivers/STM32F7xx_HAL_Driver/Src/stm32f7xx_hal_uart.o
 .text.UART_DMAError
                0x08004caa       0x7e ./Drivers/STM32F7xx_HAL_Driver/Src/stm32f7xx_hal_uart.o
 .text.UART_DMAAbortOnError
                0x08004d28       0x24 ./Drivers/STM32F7xx_HAL_Driver/Src/stm32f7xx_hal_uart.o
 .text.UART_EndTransmit_IT
                0x08004d4c       0x54 ./Drivers/STM32F7xx_HAL_Driver/Src/stm32f7xx_hal_uart.o
 .text.memset   0x08004da0       0x10 C:/Users/Advika Deodhar/Desktop/STM32CubeIDE_1.18.0/STM32CubeIDE/plugins/com.st.stm32cube.ide.mcu.externaltools.gnu-tools-for-stm32.13.3.rel1.win32_1.0.0.202411081344/tools/bin/../lib/gcc/arm-none-eabi/13.3.1/../../../../arm-none-eabi/lib/thumb/v7e-m+fp/hard\libc_nano.a(libc_a-memset.o)
                0x08004da0                memset
 .text.__libc_init_array
                0x08004db0       0x48 C:/Users/Advika Deodhar/Desktop/STM32CubeIDE_1.18.0/STM32CubeIDE/plugins/com.st.stm32cube.ide.mcu.externaltools.gnu-tools-for-stm32.13.3.rel1.win32_1.0.0.202411081344/tools/bin/../lib/gcc/arm-none-eabi/13.3.1/../../../../arm-none-eabi/lib/thumb/v7e-m+fp/hard\libc_nano.a(libc_a-init.o)
                0x08004db0                __libc_init_array
 *(.glue_7)
 .glue_7        0x08004df8        0x0 linker stubs
 *(.glue_7t)
 .glue_7t       0x08004df8        0x0 linker stubs
 *(.eh_frame)
 .eh_frame      0x08004df8        0x0 C:/Users/Advika Deodhar/Desktop/STM32CubeIDE_1.18.0/STM32CubeIDE/plugins/com.st.stm32cube.ide.mcu.externaltools.gnu-tools-for-stm32.13.3.rel1.win32_1.0.0.202411081344/tools/bin/../lib/gcc/arm-none-eabi/13.3.1/thumb/v7e-m+fp/hard/crtbegin.o
 *(.init)
 .init          0x08004df8        0x4 C:/Users/Advika Deodhar/Desktop/STM32CubeIDE_1.18.0/STM32CubeIDE/plugins/com.st.stm32cube.ide.mcu.externaltools.gnu-tools-for-stm32.13.3.rel1.win32_1.0.0.202411081344/tools/bin/../lib/gcc/arm-none-eabi/13.3.1/thumb/v7e-m+fp/hard/crti.o
                0x08004df8                _init
 .init          0x08004dfc        0x8 C:/Users/Advika Deodhar/Desktop/STM32CubeIDE_1.18.0/STM32CubeIDE/plugins/com.st.stm32cube.ide.mcu.externaltools.gnu-tools-for-stm32.13.3.rel1.win32_1.0.0.202411081344/tools/bin/../lib/gcc/arm-none-eabi/13.3.1/thumb/v7e-m+fp/hard/crtn.o
 *(.fini)
 .fini          0x08004e04        0x4 C:/Users/Advika Deodhar/Desktop/STM32CubeIDE_1.18.0/STM32CubeIDE/plugins/com.st.stm32cube.ide.mcu.externaltools.gnu-tools-for-stm32.13.3.rel1.win32_1.0.0.202411081344/tools/bin/../lib/gcc/arm-none-eabi/13.3.1/thumb/v7e-m+fp/hard/crti.o
                0x08004e04                _fini
 .fini          0x08004e08        0x8 C:/Users/Advika Deodhar/Desktop/STM32CubeIDE_1.18.0/STM32CubeIDE/plugins/com.st.stm32cube.ide.mcu.externaltools.gnu-tools-for-stm32.13.3.rel1.win32_1.0.0.202411081344/tools/bin/../lib/gcc/arm-none-eabi/13.3.1/thumb/v7e-m+fp/hard/crtn.o
                0x08004e10                        . = ALIGN (0x4)
                0x08004e10                        _etext = .

.vfp11_veneer   0x08004e10        0x0
 .vfp11_veneer  0x08004e10        0x0 linker stubs

.v4_bx          0x08004e10        0x0
 .v4_bx         0x08004e10        0x0 linker stubs

.iplt           0x08004e10        0x0
 .iplt          0x08004e10        0x0 C:/Users/Advika Deodhar/Desktop/STM32CubeIDE_1.18.0/STM32CubeIDE/plugins/com.st.stm32cube.ide.mcu.externaltools.gnu-tools-for-stm32.13.3.rel1.win32_1.0.0.202411081344/tools/bin/../lib/gcc/arm-none-eabi/13.3.1/thumb/v7e-m+fp/hard/crtbegin.o

.rodata         0x08004e10       0xd0
                0x08004e10                        . = ALIGN (0x4)
 *(.rodata)
 .rodata        0x08004e10       0xb0 ./Core/Src/main.o
 *(.rodata*)
 .rodata.AHBPrescTable
                0x08004ec0       0x10 ./Core/Src/system_stm32f7xx.o
                0x08004ec0                AHBPrescTable
 .rodata.APBPrescTable
                0x08004ed0        0x8 ./Core/Src/system_stm32f7xx.o
                0x08004ed0                APBPrescTable
 .rodata.flagBitshiftOffset.0
                0x08004ed8        0x8 ./Drivers/STM32F7xx_HAL_Driver/Src/stm32f7xx_hal_dma.o
                0x08004ee0                        . = ALIGN (0x4)

.ARM.extab      0x08004ee0        0x0
                0x08004ee0                        . = ALIGN (0x4)
 *(.ARM.extab* .gnu.linkonce.armextab.*)
                0x08004ee0                        . = ALIGN (0x4)

.ARM            0x08004ee0        0x8
                0x08004ee0                        . = ALIGN (0x4)
                0x08004ee0                        __exidx_start = .
 *(.ARM.exidx*)
 .ARM.exidx     0x08004ee0        0x8 C:/Users/Advika Deodhar/Desktop/STM32CubeIDE_1.18.0/STM32CubeIDE/plugins/com.st.stm32cube.ide.mcu.externaltools.gnu-tools-for-stm32.13.3.rel1.win32_1.0.0.202411081344/tools/bin/../lib/gcc/arm-none-eabi/13.3.1/../../../../arm-none-eabi/lib/thumb/v7e-m+fp/hard\libc_nano.a(libc_a-strlen.o)
 .ARM.exidx     0x08004ee8        0x0 C:/Users/Advika Deodhar/Desktop/STM32CubeIDE_1.18.0/STM32CubeIDE/plugins/com.st.stm32cube.ide.mcu.externaltools.gnu-tools-for-stm32.13.3.rel1.win32_1.0.0.202411081344/tools/bin/../lib/gcc/arm-none-eabi/13.3.1/thumb/v7e-m+fp/hard\libgcc.a(_udivmoddi4.o)
                                  0x8 (size before relaxing)
                0x08004ee8                        __exidx_end = .
                0x08004ee8                        . = ALIGN (0x4)

.preinit_array  0x08004ee8        0x0
                0x08004ee8                        . = ALIGN (0x4)
                0x08004ee8                        PROVIDE (__preinit_array_start = .)
 *(.preinit_array*)
                0x08004ee8                        PROVIDE (__preinit_array_end = .)
                0x08004ee8                        . = ALIGN (0x4)

.init_array     0x08004ee8        0x4
                0x08004ee8                        . = ALIGN (0x4)
                0x08004ee8                        PROVIDE (__init_array_start = .)
 *(SORT_BY_NAME(.init_array.*))
 *(.init_array*)
 .init_array    0x08004ee8        0x4 C:/Users/Advika Deodhar/Desktop/STM32CubeIDE_1.18.0/STM32CubeIDE/plugins/com.st.stm32cube.ide.mcu.externaltools.gnu-tools-for-stm32.13.3.rel1.win32_1.0.0.202411081344/tools/bin/../lib/gcc/arm-none-eabi/13.3.1/thumb/v7e-m+fp/hard/crtbegin.o
                0x08004eec                        PROVIDE (__init_array_end = .)
                0x08004eec                        . = ALIGN (0x4)

.fini_array     0x08004eec        0x4
                0x08004eec                        . = ALIGN (0x4)
                [!provide]                        PROVIDE (__fini_array_start = .)
 *(SORT_BY_NAME(.fini_array.*))
 *(.fini_array*)
 .fini_array    0x08004eec        0x4 C:/Users/Advika Deodhar/Desktop/STM32CubeIDE_1.18.0/STM32CubeIDE/plugins/com.st.stm32cube.ide.mcu.externaltools.gnu-tools-for-stm32.13.3.rel1.win32_1.0.0.202411081344/tools/bin/../lib/gcc/arm-none-eabi/13.3.1/thumb/v7e-m+fp/hard/crtbegin.o
                [!provide]                        PROVIDE (__fini_array_end = .)
                0x08004ef0                        . = ALIGN (0x4)
                0x08004ef0                        _sidata = LOADADDR (.data)

.rel.dyn        0x08004ef0        0x0
 .rel.iplt      0x08004ef0        0x0 C:/Users/Advika Deodhar/Desktop/STM32CubeIDE_1.18.0/STM32CubeIDE/plugins/com.st.stm32cube.ide.mcu.externaltools.gnu-tools-for-stm32.13.3.rel1.win32_1.0.0.202411081344/tools/bin/../lib/gcc/arm-none-eabi/13.3.1/thumb/v7e-m+fp/hard/crtbegin.o

.data           0x20000000       0x44 load address 0x08004ef0
                0x20000000                        . = ALIGN (0x4)
                0x20000000                        _sdata = .
 *(.data)
 *(.data*)
 .data.__uart5_serial_handler
                0x20000000       0x1c ./Core/Src/Serial.o
                0x20000000                __uart5_serial_handler
 .data.__uart3_serial_handler
                0x2000001c       0x1c ./Core/Src/Serial.o
                0x2000001c                __uart3_serial_handler
 .data.SystemCoreClock
                0x20000038        0x4 ./Core/Src/system_stm32f7xx.o
                0x20000038                SystemCoreClock
 .data.uwTickPrio
                0x2000003c        0x4 ./Drivers/STM32F7xx_HAL_Driver/Src/stm32f7xx_hal.o
                0x2000003c                uwTickPrio
 .data.uwTickFreq
                0x20000040        0x1 ./Drivers/STM32F7xx_HAL_Driver/Src/stm32f7xx_hal.o
                0x20000040                uwTickFreq
 *(.RamFunc)
 *(.RamFunc*)
                0x20000044                        . = ALIGN (0x4)
 *fill*         0x20000041        0x3 
                0x20000044                        _edata = .

.igot.plt       0x20000044        0x0 load address 0x08004f34
 .igot.plt      0x20000044        0x0 C:/Users/Advika Deodhar/Desktop/STM32CubeIDE_1.18.0/STM32CubeIDE/plugins/com.st.stm32cube.ide.mcu.externaltools.gnu-tools-for-stm32.13.3.rel1.win32_1.0.0.202411081344/tools/bin/../lib/gcc/arm-none-eabi/13.3.1/thumb/v7e-m+fp/hard/crtbegin.o
                0x20000044                        . = ALIGN (0x4)

.bss            0x20000044     0x5a10 load address 0x08004f34
                0x20000044                        _sbss = .
                0x20000044                        __bss_start__ = _sbss
 *(.bss)
 .bss           0x20000044       0x1c C:/Users/Advika Deodhar/Desktop/STM32CubeIDE_1.18.0/STM32CubeIDE/plugins/com.st.stm32cube.ide.mcu.externaltools.gnu-tools-for-stm32.13.3.rel1.win32_1.0.0.202411081344/tools/bin/../lib/gcc/arm-none-eabi/13.3.1/thumb/v7e-m+fp/hard/crtbegin.o
 *(.bss*)
 .bss.USART5_Serial_Handler
                0x20000060        0x4 ./Core/Src/base_serial.o
                0x20000060                USART5_Serial_Handler
 .bss.USART5_Buffer_TX
                0x20000064      0x20c ./Core/Src/base_serial.o
                0x20000064                USART5_Buffer_TX
 .bss.USART5_Buffer_RX
                0x20000270      0x20c ./Core/Src/base_serial.o
                0x20000270                USART5_Buffer_RX
 .bss.USART5_HAL_Reg_Tx
                0x2000047c        0x1 ./Core/Src/base_serial.o
                0x2000047c                USART5_HAL_Reg_Tx
 .bss.USART5_HAL_Reg_Rx
                0x2000047d        0x1 ./Core/Src/base_serial.o
                0x2000047d                USART5_HAL_Reg_Rx
 .bss.USART5_Application_Reg_Tx
                0x2000047e        0x1 ./Core/Src/base_serial.o
                0x2000047e                USART5_Application_Reg_Tx
 *fill*         0x2000047f        0x1 
 .bss.USART3_Serial_Handler
                0x20000480        0x4 ./Core/Src/base_serial.o
                0x20000480                USART3_Serial_Handler
 .bss.USART3_Buffer_TX
                0x20000484      0x20c ./Core/Src/base_serial.o
                0x20000484                USART3_Buffer_TX
 .bss.USART3_Buffer_RX
                0x20000690      0x20c ./Core/Src/base_serial.o
                0x20000690                USART3_Buffer_RX
 .bss.USART3_HAL_Reg_Tx
                0x2000089c        0x1 ./Core/Src/base_serial.o
                0x2000089c                USART3_HAL_Reg_Tx
 .bss.USART3_HAL_Reg_Rx
                0x2000089d        0x1 ./Core/Src/base_serial.o
                0x2000089d                USART3_HAL_Reg_Rx
 .bss.USART3_Application_Reg_Tx
                0x2000089e        0x1 ./Core/Src/base_serial.o
                0x2000089e                USART3_Application_Reg_Tx
 *fill*         0x2000089f        0x1 
 .bss.huart4    0x200008a0       0x88 ./Core/Src/main.o
                0x200008a0                huart4
 .bss.huart5    0x20000928       0x88 ./Core/Src/main.o
                0x20000928                huart5
 .bss.huart3    0x200009b0       0x88 ./Core/Src/main.o
                0x200009b0                huart3
 .bss.hdma_uart4_rx
                0x20000a38       0x60 ./Core/Src/main.o
                0x20000a38                hdma_uart4_rx
 .bss.hdma_uart5_rx
                0x20000a98       0x60 ./Core/Src/main.o
                0x20000a98                hdma_uart5_rx
 .bss.hdma_uart5_tx
                0x20000af8       0x60 ./Core/Src/main.o
                0x20000af8                hdma_uart5_tx
 .bss.hdma_usart3_rx
                0x20000b58       0x60 ./Core/Src/main.o
                0x20000b58                hdma_usart3_rx
 .bss.hdma_usart3_tx
                0x20000bb8       0x60 ./Core/Src/main.o
                0x20000bb8                hdma_usart3_tx
 .bss.hserial_uart5
                0x20000c18        0x4 ./Core/Src/main.o
                0x20000c18                hserial_uart5
 .bss.hserial_uart3
                0x20000c1c        0x4 ./Core/Src/main.o
                0x20000c1c                hserial_uart3
 .bss.hroboclaw_mc3
                0x20000c20       0x10 ./Core/Src/main.o
                0x20000c20                hroboclaw_mc3
 .bss.debug_buff
                0x20000c30     0x4e20 ./Core/Src/main.o
                0x20000c30                debug_buff
 .bss.uwTick    0x20005a50        0x4 ./Drivers/STM32F7xx_HAL_Driver/Src/stm32f7xx_hal.o
                0x20005a50                uwTick
 *(COMMON)
                0x20005a54                        . = ALIGN (0x4)
                0x20005a54                        _ebss = .
                0x20005a54                        __bss_end__ = _ebss

._user_heap_stack
                0x20005a54      0x604 load address 0x08004f34
                0x20005a58                        . = ALIGN (0x8)
 *fill*         0x20005a54        0x4 
                [!provide]                        PROVIDE (end = .)
                0x20005a58                        PROVIDE (_end = .)
                0x20005c58                        . = (. + _Min_Heap_Size)
 *fill*         0x20005a58      0x200 
                0x20006058                        . = (. + _Min_Stack_Size)
 *fill*         0x20005c58      0x400 
                0x20006058                        . = ALIGN (0x8)

/DISCARD/
 libc.a(*)
 libm.a(*)
 libgcc.a(*)

.ARM.attributes
                0x00000000       0x30
 *(.ARM.attributes)
 .ARM.attributes
                0x00000000       0x22 C:/Users/Advika Deodhar/Desktop/STM32CubeIDE_1.18.0/STM32CubeIDE/plugins/com.st.stm32cube.ide.mcu.externaltools.gnu-tools-for-stm32.13.3.rel1.win32_1.0.0.202411081344/tools/bin/../lib/gcc/arm-none-eabi/13.3.1/thumb/v7e-m+fp/hard/crti.o
 .ARM.attributes
                0x00000022       0x34 C:/Users/Advika Deodhar/Desktop/STM32CubeIDE_1.18.0/STM32CubeIDE/plugins/com.st.stm32cube.ide.mcu.externaltools.gnu-tools-for-stm32.13.3.rel1.win32_1.0.0.202411081344/tools/bin/../lib/gcc/arm-none-eabi/13.3.1/thumb/v7e-m+fp/hard/crtbegin.o
 .ARM.attributes
                0x00000056       0x34 ./Core/Src/Serial.o
 .ARM.attributes
                0x0000008a       0x34 ./Core/Src/base_serial.o
 .ARM.attributes
                0x000000be       0x34 ./Core/Src/main.o
 .ARM.attributes
                0x000000f2       0x34 ./Core/Src/ringbuffer.o
 .ARM.attributes
                0x00000126       0x34 ./Core/Src/roboClaw.o
 .ARM.attributes
                0x0000015a       0x34 ./Core/Src/stm32f7xx_hal_msp.o
 .ARM.attributes
                0x0000018e       0x34 ./Core/Src/stm32f7xx_it.o
 .ARM.attributes
                0x000001c2       0x34 ./Core/Src/system_stm32f7xx.o
 .ARM.attributes
                0x000001f6       0x21 ./Core/Startup/startup_stm32f746zgtx.o
 .ARM.attributes
                0x00000217       0x34 ./Drivers/STM32F7xx_HAL_Driver/Src/stm32f7xx_hal.o
 .ARM.attributes
                0x0000024b       0x34 ./Drivers/STM32F7xx_HAL_Driver/Src/stm32f7xx_hal_cortex.o
 .ARM.attributes
                0x0000027f       0x34 ./Drivers/STM32F7xx_HAL_Driver/Src/stm32f7xx_hal_dma.o
 .ARM.attributes
                0x000002b3       0x34 ./Drivers/STM32F7xx_HAL_Driver/Src/stm32f7xx_hal_gpio.o
 .ARM.attributes
                0x000002e7       0x34 ./Drivers/STM32F7xx_HAL_Driver/Src/stm32f7xx_hal_pwr_ex.o
 .ARM.attributes
                0x0000031b       0x34 ./Drivers/STM32F7xx_HAL_Driver/Src/stm32f7xx_hal_rcc.o
 .ARM.attributes
                0x0000034f       0x34 ./Drivers/STM32F7xx_HAL_Driver/Src/stm32f7xx_hal_rcc_ex.o
 .ARM.attributes
                0x00000383       0x34 ./Drivers/STM32F7xx_HAL_Driver/Src/stm32f7xx_hal_uart.o
 .ARM.attributes
                0x000003b7       0x34 C:/Users/Advika Deodhar/Desktop/STM32CubeIDE_1.18.0/STM32CubeIDE/plugins/com.st.stm32cube.ide.mcu.externaltools.gnu-tools-for-stm32.13.3.rel1.win32_1.0.0.202411081344/tools/bin/../lib/gcc/arm-none-eabi/13.3.1/../../../../arm-none-eabi/lib/thumb/v7e-m+fp/hard\libc_nano.a(libc_a-memset.o)
 .ARM.attributes
                0x000003eb       0x34 C:/Users/Advika Deodhar/Desktop/STM32CubeIDE_1.18.0/STM32CubeIDE/plugins/com.st.stm32cube.ide.mcu.externaltools.gnu-tools-for-stm32.13.3.rel1.win32_1.0.0.202411081344/tools/bin/../lib/gcc/arm-none-eabi/13.3.1/../../../../arm-none-eabi/lib/thumb/v7e-m+fp/hard\libc_nano.a(libc_a-init.o)
 .ARM.attributes
                0x0000041f       0x17 C:/Users/Advika Deodhar/Desktop/STM32CubeIDE_1.18.0/STM32CubeIDE/plugins/com.st.stm32cube.ide.mcu.externaltools.gnu-tools-for-stm32.13.3.rel1.win32_1.0.0.202411081344/tools/bin/../lib/gcc/arm-none-eabi/13.3.1/../../../../arm-none-eabi/lib/thumb/v7e-m+fp/hard\libc_nano.a(libc_a-strlen.o)
 .ARM.attributes
                0x00000436       0x22 C:/Users/Advika Deodhar/Desktop/STM32CubeIDE_1.18.0/STM32CubeIDE/plugins/com.st.stm32cube.ide.mcu.externaltools.gnu-tools-for-stm32.13.3.rel1.win32_1.0.0.202411081344/tools/bin/../lib/gcc/arm-none-eabi/13.3.1/thumb/v7e-m+fp/hard\libgcc.a(_aeabi_uldivmod.o)
 .ARM.attributes
                0x00000458       0x34 C:/Users/Advika Deodhar/Desktop/STM32CubeIDE_1.18.0/STM32CubeIDE/plugins/com.st.stm32cube.ide.mcu.externaltools.gnu-tools-for-stm32.13.3.rel1.win32_1.0.0.202411081344/tools/bin/../lib/gcc/arm-none-eabi/13.3.1/thumb/v7e-m+fp/hard\libgcc.a(_udivmoddi4.o)
 .ARM.attributes
                0x0000048c       0x22 C:/Users/Advika Deodhar/Desktop/STM32CubeIDE_1.18.0/STM32CubeIDE/plugins/com.st.stm32cube.ide.mcu.externaltools.gnu-tools-for-stm32.13.3.rel1.win32_1.0.0.202411081344/tools/bin/../lib/gcc/arm-none-eabi/13.3.1/thumb/v7e-m+fp/hard\libgcc.a(_dvmd_tls.o)
 .ARM.attributes
                0x000004ae       0x22 C:/Users/Advika Deodhar/Desktop/STM32CubeIDE_1.18.0/STM32CubeIDE/plugins/com.st.stm32cube.ide.mcu.externaltools.gnu-tools-for-stm32.13.3.rel1.win32_1.0.0.202411081344/tools/bin/../lib/gcc/arm-none-eabi/13.3.1/thumb/v7e-m+fp/hard/crtn.o
OUTPUT(BattleBot3.elf elf32-littlearm)
LOAD linker stubs
LOAD C:/Users/Advika Deodhar/Desktop/STM32CubeIDE_1.18.0/STM32CubeIDE/plugins/com.st.stm32cube.ide.mcu.externaltools.gnu-tools-for-stm32.13.3.rel1.win32_1.0.0.202411081344/tools/bin/../lib/gcc/arm-none-eabi/13.3.1/../../../../arm-none-eabi/lib/thumb/v7e-m+fp/hard\libc.a
LOAD C:/Users/Advika Deodhar/Desktop/STM32CubeIDE_1.18.0/STM32CubeIDE/plugins/com.st.stm32cube.ide.mcu.externaltools.gnu-tools-for-stm32.13.3.rel1.win32_1.0.0.202411081344/tools/bin/../lib/gcc/arm-none-eabi/13.3.1/../../../../arm-none-eabi/lib/thumb/v7e-m+fp/hard\libm.a
LOAD C:/Users/Advika Deodhar/Desktop/STM32CubeIDE_1.18.0/STM32CubeIDE/plugins/com.st.stm32cube.ide.mcu.externaltools.gnu-tools-for-stm32.13.3.rel1.win32_1.0.0.202411081344/tools/bin/../lib/gcc/arm-none-eabi/13.3.1/thumb/v7e-m+fp/hard\libgcc.a

.debug_info     0x00000000     0xe746
 .debug_info    0x00000000      0xa7b ./Core/Src/Serial.o
 .debug_info    0x00000a7b      0x8f8 ./Core/Src/base_serial.o
 .debug_info    0x00001373     0x14ad ./Core/Src/main.o
 .debug_info    0x00002820      0x347 ./Core/Src/ringbuffer.o
 .debug_info    0x00002b67     0x20fd ./Core/Src/roboClaw.o
 .debug_info    0x00004c64     0x1025 ./Core/Src/stm32f7xx_hal_msp.o
 .debug_info    0x00005c89      0x7f1 ./Core/Src/stm32f7xx_it.o
 .debug_info    0x0000647a      0x6ed ./Core/Src/system_stm32f7xx.o
 .debug_info    0x00006b67       0x30 ./Core/Startup/startup_stm32f746zgtx.o
 .debug_info    0x00006b97      0x9d8 ./Drivers/STM32F7xx_HAL_Driver/Src/stm32f7xx_hal.o
 .debug_info    0x0000756f      0xf7e ./Drivers/STM32F7xx_HAL_Driver/Src/stm32f7xx_hal_cortex.o
 .debug_info    0x000084ed      0x8e7 ./Drivers/STM32F7xx_HAL_Driver/Src/stm32f7xx_hal_dma.o
 .debug_info    0x00008dd4      0x6e7 ./Drivers/STM32F7xx_HAL_Driver/Src/stm32f7xx_hal_gpio.o
 .debug_info    0x000094bb      0x8cd ./Drivers/STM32F7xx_HAL_Driver/Src/stm32f7xx_hal_pwr_ex.o
 .debug_info    0x00009d88      0x8f0 ./Drivers/STM32F7xx_HAL_Driver/Src/stm32f7xx_hal_rcc.o
 .debug_info    0x0000a678      0x6bd ./Drivers/STM32F7xx_HAL_Driver/Src/stm32f7xx_hal_rcc_ex.o
 .debug_info    0x0000ad35     0x3a11 ./Drivers/STM32F7xx_HAL_Driver/Src/stm32f7xx_hal_uart.o

.debug_abbrev   0x00000000     0x22fe
 .debug_abbrev  0x00000000      0x255 ./Core/Src/Serial.o
 .debug_abbrev  0x00000255      0x198 ./Core/Src/base_serial.o
 .debug_abbrev  0x000003ed      0x320 ./Core/Src/main.o
 .debug_abbrev  0x0000070d      0x162 ./Core/Src/ringbuffer.o
 .debug_abbrev  0x0000086f      0x2f7 ./Core/Src/roboClaw.o
 .debug_abbrev  0x00000b66      0x234 ./Core/Src/stm32f7xx_hal_msp.o
 .debug_abbrev  0x00000d9a      0x190 ./Core/Src/stm32f7xx_it.o
 .debug_abbrev  0x00000f2a      0x13b ./Core/Src/system_stm32f7xx.o
 .debug_abbrev  0x00001065       0x24 ./Core/Startup/startup_stm32f746zgtx.o
 .debug_abbrev  0x00001089      0x213 ./Drivers/STM32F7xx_HAL_Driver/Src/stm32f7xx_hal.o
 .debug_abbrev  0x0000129c      0x31e ./Drivers/STM32F7xx_HAL_Driver/Src/stm32f7xx_hal_cortex.o
 .debug_abbrev  0x000015ba      0x264 ./Drivers/STM32F7xx_HAL_Driver/Src/stm32f7xx_hal_dma.o
 .debug_abbrev  0x0000181e      0x1d4 ./Drivers/STM32F7xx_HAL_Driver/Src/stm32f7xx_hal_gpio.o
 .debug_abbrev  0x000019f2      0x1d5 ./Drivers/STM32F7xx_HAL_Driver/Src/stm32f7xx_hal_pwr_ex.o
 .debug_abbrev  0x00001bc7      0x288 ./Drivers/STM32F7xx_HAL_Driver/Src/stm32f7xx_hal_rcc.o
 .debug_abbrev  0x00001e4f      0x1c9 ./Drivers/STM32F7xx_HAL_Driver/Src/stm32f7xx_hal_rcc_ex.o
 .debug_abbrev  0x00002018      0x2e6 ./Drivers/STM32F7xx_HAL_Driver/Src/stm32f7xx_hal_uart.o

.debug_aranges  0x00000000      0xb48
 .debug_aranges
                0x00000000       0x50 ./Core/Src/Serial.o
 .debug_aranges
                0x00000050       0x20 ./Core/Src/base_serial.o
 .debug_aranges
                0x00000070       0x60 ./Core/Src/main.o
 .debug_aranges
                0x000000d0       0x60 ./Core/Src/ringbuffer.o
 .debug_aranges
                0x00000130      0x268 ./Core/Src/roboClaw.o
 .debug_aranges
                0x00000398       0x30 ./Core/Src/stm32f7xx_hal_msp.o
 .debug_aranges
                0x000003c8       0xa0 ./Core/Src/stm32f7xx_it.o
 .debug_aranges
                0x00000468       0x28 ./Core/Src/system_stm32f7xx.o
 .debug_aranges
                0x00000490       0x28 ./Core/Startup/startup_stm32f746zgtx.o
 .debug_aranges
                0x000004b8      0x100 ./Drivers/STM32F7xx_HAL_Driver/Src/stm32f7xx_hal.o
 .debug_aranges
                0x000005b8      0x128 ./Drivers/STM32F7xx_HAL_Driver/Src/stm32f7xx_hal_cortex.o
 .debug_aranges
                0x000006e0       0x90 ./Drivers/STM32F7xx_HAL_Driver/Src/stm32f7xx_hal_dma.o
 .debug_aranges
                0x00000770       0x58 ./Drivers/STM32F7xx_HAL_Driver/Src/stm32f7xx_hal_gpio.o
 .debug_aranges
                0x000007c8       0x80 ./Drivers/STM32F7xx_HAL_Driver/Src/stm32f7xx_hal_pwr_ex.o
 .debug_aranges
                0x00000848       0x88 ./Drivers/STM32F7xx_HAL_Driver/Src/stm32f7xx_hal_rcc.o
 .debug_aranges
                0x000008d0       0x50 ./Drivers/STM32F7xx_HAL_Driver/Src/stm32f7xx_hal_rcc_ex.o
 .debug_aranges
                0x00000920      0x228 ./Drivers/STM32F7xx_HAL_Driver/Src/stm32f7xx_hal_uart.o

.debug_rnglists
                0x00000000      0x895
 .debug_rnglists
                0x00000000       0x38 ./Core/Src/Serial.o
 .debug_rnglists
                0x00000038       0x13 ./Core/Src/base_serial.o
 .debug_rnglists
                0x0000004b       0x46 ./Core/Src/main.o
 .debug_rnglists
                0x00000091       0x43 ./Core/Src/ringbuffer.o
 .debug_rnglists
                0x000000d4      0x1da ./Core/Src/roboClaw.o
 .debug_rnglists
                0x000002ae       0x21 ./Core/Src/stm32f7xx_hal_msp.o
 .debug_rnglists
                0x000002cf       0x73 ./Core/Src/stm32f7xx_it.o
 .debug_rnglists
                0x00000342       0x1a ./Core/Src/system_stm32f7xx.o
 .debug_rnglists
                0x0000035c       0x19 ./Core/Startup/startup_stm32f746zgtx.o
 .debug_rnglists
                0x00000375       0xbb ./Drivers/STM32F7xx_HAL_Driver/Src/stm32f7xx_hal.o
 .debug_rnglists
                0x00000430       0xda ./Drivers/STM32F7xx_HAL_Driver/Src/stm32f7xx_hal_cortex.o
 .debug_rnglists
                0x0000050a       0x70 ./Drivers/STM32F7xx_HAL_Driver/Src/stm32f7xx_hal_dma.o
 .debug_rnglists
                0x0000057a       0x3f ./Drivers/STM32F7xx_HAL_Driver/Src/stm32f7xx_hal_gpio.o
 .debug_rnglists
                0x000005b9       0x5f ./Drivers/STM32F7xx_HAL_Driver/Src/stm32f7xx_hal_pwr_ex.o
 .debug_rnglists
                0x00000618       0x67 ./Drivers/STM32F7xx_HAL_Driver/Src/stm32f7xx_hal_rcc.o
 .debug_rnglists
                0x0000067f       0x3c ./Drivers/STM32F7xx_HAL_Driver/Src/stm32f7xx_hal_rcc_ex.o
 .debug_rnglists
                0x000006bb      0x1da ./Drivers/STM32F7xx_HAL_Driver/Src/stm32f7xx_hal_uart.o

.debug_macro    0x00000000    0x25dd7
 .debug_macro   0x00000000      0x30e ./Core/Src/Serial.o
 .debug_macro   0x0000030e      0xad8 ./Core/Src/Serial.o
 .debug_macro   0x00000de6       0x22 ./Core/Src/Serial.o
 .debug_macro   0x00000e08       0x5b ./Core/Src/Serial.o
 .debug_macro   0x00000e63       0x2a ./Core/Src/Serial.o
 .debug_macro   0x00000e8d       0x94 ./Core/Src/Serial.o
 .debug_macro   0x00000f21       0x43 ./Core/Src/Serial.o
 .debug_macro   0x00000f64       0x34 ./Core/Src/Serial.o
 .debug_macro   0x00000f98      0x190 ./Core/Src/Serial.o
 .debug_macro   0x00001128       0x57 ./Core/Src/Serial.o
 .debug_macro   0x0000117f      0x370 ./Core/Src/Serial.o
 .debug_macro   0x000014ef       0x16 ./Core/Src/Serial.o
 .debug_macro   0x00001505       0x4a ./Core/Src/Serial.o
 .debug_macro   0x0000154f       0x34 ./Core/Src/Serial.o
 .debug_macro   0x00001583       0x10 ./Core/Src/Serial.o
 .debug_macro   0x00001593       0x58 ./Core/Src/Serial.o
 .debug_macro   0x000015eb       0x8e ./Core/Src/Serial.o
 .debug_macro   0x00001679       0x1c ./Core/Src/Serial.o
 .debug_macro   0x00001695      0x185 ./Core/Src/Serial.o
 .debug_macro   0x0000181a       0x10 ./Core/Src/Serial.o
 .debug_macro   0x0000182a       0x3c ./Core/Src/Serial.o
 .debug_macro   0x00001866       0x20 ./Core/Src/Serial.o
 .debug_macro   0x00001886       0x1c ./Core/Src/Serial.o
 .debug_macro   0x000018a2       0x10 ./Core/Src/Serial.o
 .debug_macro   0x000018b2       0x1c ./Core/Src/Serial.o
 .debug_macro   0x000018ce       0x16 ./Core/Src/Serial.o
 .debug_macro   0x000018e4      0x146 ./Core/Src/Serial.o
 .debug_macro   0x00001a2a      0x103 ./Core/Src/Serial.o
 .debug_macro   0x00001b2d       0x6a ./Core/Src/Serial.o
 .debug_macro   0x00001b97      0x1df ./Core/Src/Serial.o
 .debug_macro   0x00001d76      0x460 ./Core/Src/Serial.o
 .debug_macro   0x000021d6       0x16 ./Core/Src/Serial.o
 .debug_macro   0x000021ec      0x28d ./Core/Src/Serial.o
 .debug_macro   0x00002479       0x2e ./Core/Src/Serial.o
 .debug_macro   0x000024a7       0x3b ./Core/Src/Serial.o
 .debug_macro   0x000024e2       0x1c ./Core/Src/Serial.o
 .debug_macro   0x000024fe       0x22 ./Core/Src/Serial.o
 .debug_macro   0x00002520       0xd9 ./Core/Src/Serial.o
 .debug_macro   0x000025f9     0x12cd ./Core/Src/Serial.o
 .debug_macro   0x000038c6      0x11f ./Core/Src/Serial.o
 .debug_macro   0x000039e5       0x19 ./Core/Src/Serial.o
 .debug_macro   0x000039fe    0x19222 ./Core/Src/Serial.o
 .debug_macro   0x0001cc20       0x6d ./Core/Src/Serial.o
 .debug_macro   0x0001cc8d     0x375e ./Core/Src/Serial.o
 .debug_macro   0x000203eb       0x5d ./Core/Src/Serial.o
 .debug_macro   0x00020448     0x18ad ./Core/Src/Serial.o
 .debug_macro   0x00021cf5      0x6c4 ./Core/Src/Serial.o
 .debug_macro   0x000223b9      0x185 ./Core/Src/Serial.o
 .debug_macro   0x0002253e      0x115 ./Core/Src/Serial.o
 .debug_macro   0x00022653      0x1fd ./Core/Src/Serial.o
 .debug_macro   0x00022850       0xa5 ./Core/Src/Serial.o
 .debug_macro   0x000228f5      0x24f ./Core/Src/Serial.o
 .debug_macro   0x00022b44       0x41 ./Core/Src/Serial.o
 .debug_macro   0x00022b85       0x58 ./Core/Src/Serial.o
 .debug_macro   0x00022bdd      0x236 ./Core/Src/Serial.o
 .debug_macro   0x00022e13      0x14e ./Core/Src/Serial.o
 .debug_macro   0x00022f61      0x25a ./Core/Src/Serial.o
 .debug_macro   0x000231bb       0x12 ./Core/Src/Serial.o
 .debug_macro   0x000231cd      0x22c ./Core/Src/Serial.o
 .debug_macro   0x000233f9       0x61 ./Core/Src/Serial.o
 .debug_macro   0x0002345a       0xa5 ./Core/Src/Serial.o
 .debug_macro   0x000234ff      0x12e ./Core/Src/Serial.o
 .debug_macro   0x0002362d      0x108 ./Core/Src/Serial.o
 .debug_macro   0x00023735       0x35 ./Core/Src/Serial.o
 .debug_macro   0x0002376a      0x56d ./Core/Src/Serial.o
 .debug_macro   0x00023cd7       0x44 ./Core/Src/Serial.o
 .debug_macro   0x00023d1b      0x14d ./Core/Src/Serial.o
 .debug_macro   0x00023e68       0x1c ./Core/Src/Serial.o
 .debug_macro   0x00023e84      0x232 ./Core/Src/base_serial.o
 .debug_macro   0x000240b6       0x3a ./Core/Src/base_serial.o
 .debug_macro   0x000240f0       0x89 ./Core/Src/base_serial.o
 .debug_macro   0x00024179      0x119 ./Core/Src/base_serial.o
 .debug_macro   0x00024292       0x63 ./Core/Src/base_serial.o
 .debug_macro   0x000242f5      0x332 ./Core/Src/main.o
 .debug_macro   0x00024627       0xb8 ./Core/Src/ringbuffer.o
 .debug_macro   0x000246df      0x271 ./Core/Src/roboClaw.o
 .debug_macro   0x00024950      0x1d8 ./Core/Src/stm32f7xx_hal_msp.o
 .debug_macro   0x00024b28      0x1e2 ./Core/Src/stm32f7xx_it.o
 .debug_macro   0x00024d0a      0x1d4 ./Core/Src/system_stm32f7xx.o
 .debug_macro   0x00024ede      0x1f2 ./Drivers/STM32F7xx_HAL_Driver/Src/stm32f7xx_hal.o
 .debug_macro   0x000250d0      0x1ce ./Drivers/STM32F7xx_HAL_Driver/Src/stm32f7xx_hal_cortex.o
 .debug_macro   0x0002529e      0x1d4 ./Drivers/STM32F7xx_HAL_Driver/Src/stm32f7xx_hal_dma.o
 .debug_macro   0x00025472      0x1d4 ./Drivers/STM32F7xx_HAL_Driver/Src/stm32f7xx_hal_gpio.o
 .debug_macro   0x00025646      0x1e6 ./Drivers/STM32F7xx_HAL_Driver/Src/stm32f7xx_hal_pwr_ex.o
 .debug_macro   0x0002582c      0x1f2 ./Drivers/STM32F7xx_HAL_Driver/Src/stm32f7xx_hal_rcc.o
 .debug_macro   0x00025a1e      0x1ce ./Drivers/STM32F7xx_HAL_Driver/Src/stm32f7xx_hal_rcc_ex.o
 .debug_macro   0x00025bec      0x1eb ./Drivers/STM32F7xx_HAL_Driver/Src/stm32f7xx_hal_uart.o

.debug_line     0x00000000     0xdf74
 .debug_line    0x00000000      0xa09 ./Core/Src/Serial.o
 .debug_line    0x00000a09      0x85d ./Core/Src/base_serial.o
 .debug_line    0x00001266      0xb55 ./Core/Src/main.o
 .debug_line    0x00001dbb      0x6c2 ./Core/Src/ringbuffer.o
 .debug_line    0x0000247d     0x1ae8 ./Core/Src/roboClaw.o
 .debug_line    0x00003f65      0x8fd ./Core/Src/stm32f7xx_hal_msp.o
 .debug_line    0x00004862      0x885 ./Core/Src/stm32f7xx_it.o
 .debug_line    0x000050e7      0x7c5 ./Core/Src/system_stm32f7xx.o
 .debug_line    0x000058ac       0x7a ./Core/Startup/startup_stm32f746zgtx.o
 .debug_line    0x00005926      0xa3f ./Drivers/STM32F7xx_HAL_Driver/Src/stm32f7xx_hal.o
 .debug_line    0x00006365      0xcbf ./Drivers/STM32F7xx_HAL_Driver/Src/stm32f7xx_hal_cortex.o
 .debug_line    0x00007024      0xf8c ./Drivers/STM32F7xx_HAL_Driver/Src/stm32f7xx_hal_dma.o
 .debug_line    0x00007fb0      0xb99 ./Drivers/STM32F7xx_HAL_Driver/Src/stm32f7xx_hal_gpio.o
 .debug_line    0x00008b49      0xa0f ./Drivers/STM32F7xx_HAL_Driver/Src/stm32f7xx_hal_pwr_ex.o
 .debug_line    0x00009558      0xf32 ./Drivers/STM32F7xx_HAL_Driver/Src/stm32f7xx_hal_rcc.o
 .debug_line    0x0000a48a      0xe70 ./Drivers/STM32F7xx_HAL_Driver/Src/stm32f7xx_hal_rcc_ex.o
 .debug_line    0x0000b2fa     0x2c7a ./Drivers/STM32F7xx_HAL_Driver/Src/stm32f7xx_hal_uart.o

.debug_str      0x00000000    0xe7efe
 .debug_str     0x00000000    0xe7efe ./Core/Src/Serial.o
                              0xe4fcd (size before relaxing)
 .debug_str     0x000e7efe    0xe1983 ./Core/Src/base_serial.o
 .debug_str     0x000e7efe    0xe5b04 ./Core/Src/main.o
 .debug_str     0x000e7efe     0x540d ./Core/Src/ringbuffer.o
 .debug_str     0x000e7efe    0xe25ad ./Core/Src/roboClaw.o
 .debug_str     0x000e7efe    0xe0dfa ./Core/Src/stm32f7xx_hal_msp.o
 .debug_str     0x000e7efe    0xe04d2 ./Core/Src/stm32f7xx_it.o
 .debug_str     0x000e7efe    0xe0118 ./Core/Src/system_stm32f7xx.o
 .debug_str     0x000e7efe       0x8b ./Core/Startup/startup_stm32f746zgtx.o
 .debug_str     0x000e7efe    0xe0a6c ./Drivers/STM32F7xx_HAL_Driver/Src/stm32f7xx_hal.o
 .debug_str     0x000e7efe    0xe0a89 ./Drivers/STM32F7xx_HAL_Driver/Src/stm32f7xx_hal_cortex.o
 .debug_str     0x000e7efe    0xe0442 ./Drivers/STM32F7xx_HAL_Driver/Src/stm32f7xx_hal_dma.o
 .debug_str     0x000e7efe    0xe01c1 ./Drivers/STM32F7xx_HAL_Driver/Src/stm32f7xx_hal_gpio.o
 .debug_str     0x000e7efe    0xe0372 ./Drivers/STM32F7xx_HAL_Driver/Src/stm32f7xx_hal_pwr_ex.o
 .debug_str     0x000e7efe    0xe0465 ./Drivers/STM32F7xx_HAL_Driver/Src/stm32f7xx_hal_rcc.o
 .debug_str     0x000e7efe    0xe039d ./Drivers/STM32F7xx_HAL_Driver/Src/stm32f7xx_hal_rcc_ex.o
 .debug_str     0x000e7efe    0xe0db2 ./Drivers/STM32F7xx_HAL_Driver/Src/stm32f7xx_hal_uart.o

.comment        0x00000000       0x43
 .comment       0x00000000       0x43 ./Core/Src/Serial.o
                                 0x44 (size before relaxing)
 .comment       0x00000043       0x44 ./Core/Src/base_serial.o
 .comment       0x00000043       0x44 ./Core/Src/main.o
 .comment       0x00000043       0x44 ./Core/Src/ringbuffer.o
 .comment       0x00000043       0x44 ./Core/Src/roboClaw.o
 .comment       0x00000043       0x44 ./Core/Src/stm32f7xx_hal_msp.o
 .comment       0x00000043       0x44 ./Core/Src/stm32f7xx_it.o
 .comment       0x00000043       0x44 ./Core/Src/system_stm32f7xx.o
 .comment       0x00000043       0x44 ./Drivers/STM32F7xx_HAL_Driver/Src/stm32f7xx_hal.o
 .comment       0x00000043       0x44 ./Drivers/STM32F7xx_HAL_Driver/Src/stm32f7xx_hal_cortex.o
 .comment       0x00000043       0x44 ./Drivers/STM32F7xx_HAL_Driver/Src/stm32f7xx_hal_dma.o
 .comment       0x00000043       0x44 ./Drivers/STM32F7xx_HAL_Driver/Src/stm32f7xx_hal_gpio.o
 .comment       0x00000043       0x44 ./Drivers/STM32F7xx_HAL_Driver/Src/stm32f7xx_hal_pwr_ex.o
 .comment       0x00000043       0x44 ./Drivers/STM32F7xx_HAL_Driver/Src/stm32f7xx_hal_rcc.o
 .comment       0x00000043       0x44 ./Drivers/STM32F7xx_HAL_Driver/Src/stm32f7xx_hal_rcc_ex.o
 .comment       0x00000043       0x44 ./Drivers/STM32F7xx_HAL_Driver/Src/stm32f7xx_hal_uart.o

.debug_frame    0x00000000     0x2dc8
 .debug_frame   0x00000000      0x110 ./Core/Src/Serial.o
 .debug_frame   0x00000110       0x38 ./Core/Src/base_serial.o
 .debug_frame   0x00000148      0x12c ./Core/Src/main.o
 .debug_frame   0x00000274      0x164 ./Core/Src/ringbuffer.o
 .debug_frame   0x000003d8      0xb84 ./Core/Src/roboClaw.o
 .debug_frame   0x00000f5c       0x84 ./Core/Src/stm32f7xx_hal_msp.o
 .debug_frame   0x00000fe0      0x1ec ./Core/Src/stm32f7xx_it.o
 .debug_frame   0x000011cc       0x58 ./Core/Src/system_stm32f7xx.o
 .debug_frame   0x00001224      0x3b4 ./Drivers/STM32F7xx_HAL_Driver/Src/stm32f7xx_hal.o
 .debug_frame   0x000015d8      0x4e8 ./Drivers/STM32F7xx_HAL_Driver/Src/stm32f7xx_hal_cortex.o
 .debug_frame   0x00001ac0      0x250 ./Drivers/STM32F7xx_HAL_Driver/Src/stm32f7xx_hal_dma.o
 .debug_frame   0x00001d10      0x14c ./Drivers/STM32F7xx_HAL_Driver/Src/stm32f7xx_hal_gpio.o
 .debug_frame   0x00001e5c      0x1c8 ./Drivers/STM32F7xx_HAL_Driver/Src/stm32f7xx_hal_pwr_ex.o
 .debug_frame   0x00002024      0x1f8 ./Drivers/STM32F7xx_HAL_Driver/Src/stm32f7xx_hal_rcc.o
 .debug_frame   0x0000221c      0x118 ./Drivers/STM32F7xx_HAL_Driver/Src/stm32f7xx_hal_rcc_ex.o
 .debug_frame   0x00002334      0x9e8 ./Drivers/STM32F7xx_HAL_Driver/Src/stm32f7xx_hal_uart.o
 .debug_frame   0x00002d1c       0x20 C:/Users/Advika Deodhar/Desktop/STM32CubeIDE_1.18.0/STM32CubeIDE/plugins/com.st.stm32cube.ide.mcu.externaltools.gnu-tools-for-stm32.13.3.rel1.win32_1.0.0.202411081344/tools/bin/../lib/gcc/arm-none-eabi/13.3.1/../../../../arm-none-eabi/lib/thumb/v7e-m+fp/hard\libc_nano.a(libc_a-memset.o)
 .debug_frame   0x00002d3c       0x2c C:/Users/Advika Deodhar/Desktop/STM32CubeIDE_1.18.0/STM32CubeIDE/plugins/com.st.stm32cube.ide.mcu.externaltools.gnu-tools-for-stm32.13.3.rel1.win32_1.0.0.202411081344/tools/bin/../lib/gcc/arm-none-eabi/13.3.1/../../../../arm-none-eabi/lib/thumb/v7e-m+fp/hard\libc_nano.a(libc_a-init.o)
 .debug_frame   0x00002d68       0x2c C:/Users/Advika Deodhar/Desktop/STM32CubeIDE_1.18.0/STM32CubeIDE/plugins/com.st.stm32cube.ide.mcu.externaltools.gnu-tools-for-stm32.13.3.rel1.win32_1.0.0.202411081344/tools/bin/../lib/gcc/arm-none-eabi/13.3.1/thumb/v7e-m+fp/hard\libgcc.a(_aeabi_uldivmod.o)
 .debug_frame   0x00002d94       0x34 C:/Users/Advika Deodhar/Desktop/STM32CubeIDE_1.18.0/STM32CubeIDE/plugins/com.st.stm32cube.ide.mcu.externaltools.gnu-tools-for-stm32.13.3.rel1.win32_1.0.0.202411081344/tools/bin/../lib/gcc/arm-none-eabi/13.3.1/thumb/v7e-m+fp/hard\libgcc.a(_udivmoddi4.o)

.debug_line_str
                0x00000000       0x6f
 .debug_line_str
                0x00000000       0x6f ./Core/Startup/startup_stm32f746zgtx.o
