../Core/Inc/ringbuffer.h:91:16:ring_buffer_is_empty	0	static
../Core/Inc/ringbuffer.h:100:16:ring_buffer_is_full	0	static
../Core/Inc/ringbuffer.h:109:16:ring_buffer_num_items	0	static
../Core/Src/ringbuffer.c:14:6:ring_buffer_init	0	static
../Core/Src/ringbuffer.c:23:6:ring_buffer_queue	8	static
../Core/Src/ringbuffer.c:40:6:ring_buffer_queue_arr	16	static
../Core/Src/ringbuffer.c:48:9:ring_buffer_dequeue	0	static
../Core/Src/ringbuffer.c:63:9:ring_buffer_dequeue_arr	24	static
../Core/Src/ringbuffer.c:78:20:ring_buffer_peek	8	static
