../Core/Src/main.c:139:5:main	24	static
../Core/Src/main.c:255:6:SystemClock_Config	88	static
../Core/Src/main.c:309:13:MX_UART4_Init	8	static
../Core/Src/main.c:344:13:MX_UART5_Init	8	static
../Core/Src/main.c:379:13:MX_USART3_UART_Init	8	static
../Core/Src/main.c:412:13:MX_DMA_Init	16	static
../Core/Src/main.c:442:13:MX_GPIO_Init	48	static
../Core/Src/main.c:490:6:Keypad_Scan	48	static
../Core/Src/main.c:510:6:RoboClaw_Init_All	8	static
../Core/Src/main.c:532:6:Stop_All_Motors	8	static
../Core/Src/main.c:541:6:MPU_Config	24	static
../Core/Src/main.c:572:6:Error_Handler	4	static,ignoring_inline_asm
